nohup: ignoring input
[[1;34mINFO[m] Scanning for projects...
[[1;34mINFO[m] 
[[1;34mINFO[m] [1m---------------------< [0;36mcom.enterprise:orders-api[0;1m >----------------------[m
[[1;34mINFO[m] [1mBuilding orders-api 0.1.0-SNAPSHOT[m
[[1;34mINFO[m] [1m--------------------------------[ jar ]---------------------------------[m
[[1;34mINFO[m] 
[[1;34mINFO[m] [1m>>> [0;32mspring-boot-maven-plugin:3.3.5:run[m [1m(default-cli)[0;1m > [0;1mtest-compile[m @ [36morders-api[0;1m >>>[m
[[1;34mINFO[m] 
[[1;34mINFO[m] [1m--- [0;32mmaven-resources-plugin:3.3.1:resources[m [1m(default-resources)[m @ [36morders-api[0;1m ---[m
[[1;34mINFO[m] Copying 1 resource from src/main/resources to target/classes
[[1;34mINFO[m] Copying 1 resource from src/main/resources to target/classes
[[1;34mINFO[m] 
[[1;34mINFO[m] [1m--- [0;32mmaven-compiler-plugin:3.13.0:compile[m [1m(default-compile)[m @ [36morders-api[0;1m ---[m
[[1;34mINFO[m] Nothing to compile - all classes are up to date.
[[1;34mINFO[m] 
[[1;34mINFO[m] [1m--- [0;32mmaven-resources-plugin:3.3.1:testResources[m [1m(default-testResources)[m @ [36morders-api[0;1m ---[m
[[1;34mINFO[m] skip non existing resourceDirectory /workspaces/orders-api/src/test/resources
[[1;34mINFO[m] 
[[1;34mINFO[m] [1m--- [0;32mmaven-compiler-plugin:3.13.0:testCompile[m [1m(default-testCompile)[m @ [36morders-api[0;1m ---[m
[[1;34mINFO[m] Nothing to compile - all classes are up to date.
[[1;34mINFO[m] 
[[1;34mINFO[m] [1m<<< [0;32mspring-boot-maven-plugin:3.3.5:run[m [1m(default-cli)[0;1m < [0;1mtest-compile[m @ [36morders-api[0;1m <<<[m
[[1;34mINFO[m] 
[[1;34mINFO[m] 
[[1;34mINFO[m] [1m--- [0;32mspring-boot-maven-plugin:3.3.5:run[m [1m(default-cli)[m @ [36morders-api[0;1m ---[m
[[1;34mINFO[m] Attaching agents: []

  .   ____          _            __ _ _
 /\\ / ___'_ __ _ _(_)_ __  __ _ \ \ \ \
( ( )\___ | '_ | '_| | '_ \/ _` | \ \ \ \
 \\/  ___)| |_)| | | | | || (_| |  ) ) ) )
  '  |____| .__|_| |_|_| |_\__, | / / / /
 =========|_|==============|___/=/_/_/_/

 :: Spring Boot ::                (v3.3.5)

2026-09-07T16:43:42.798Z  INFO 20820 --- [orders-api] [           main] c.enterprise.orders.OrdersApplication    : Starting OrdersApplication using Java 21.0.12.1 with PID 20820 (/workspaces/orders-api/target/classes started by vscode in /workspaces/orders-api)
2026-09-07T16:43:42.801Z DEBUG 20820 --- [orders-api] [           main] c.enterprise.orders.OrdersApplication    : Running with Spring Boot v3.3.5, Spring v6.1.14
2026-09-07T16:43:42.802Z  INFO 20820 --- [orders-api] [           main] c.enterprise.orders.OrdersApplication    : No active profile set, falling back to 1 default profile: "default"
2026-09-07T16:43:43.966Z  INFO 20820 --- [orders-api] [           main] .s.d.r.c.RepositoryConfigurationDelegate : Multiple Spring Data modules found, entering strict repository configuration mode
2026-09-07T16:43:43.968Z  INFO 20820 --- [orders-api] [           main] .s.d.r.c.RepositoryConfigurationDelegate : Bootstrapping Spring Data JPA repositories in DEFAULT mode.
2026-09-07T16:43:44.096Z  INFO 20820 --- [orders-api] [           main] .s.d.r.c.RepositoryConfigurationDelegate : Finished Spring Data repository scanning in 122 ms. Found 1 JPA repository interface.
2026-09-07T16:43:44.108Z  INFO 20820 --- [orders-api] [           main] .s.d.r.c.RepositoryConfigurationDelegate : Multiple Spring Data modules found, entering strict repository configuration mode
2026-09-07T16:43:44.109Z  INFO 20820 --- [orders-api] [           main] .s.d.r.c.RepositoryConfigurationDelegate : Bootstrapping Spring Data Redis repositories in DEFAULT mode.
2026-09-07T16:43:44.118Z  INFO 20820 --- [orders-api] [           main] .RepositoryConfigurationExtensionSupport : Spring Data Redis - Could not safely identify store assignment for repository candidate interface com.enterprise.orders.repository.CustomerRepository; If you want this repository to be a Redis repository, consider annotating your entities with one of these annotations: org.springframework.data.redis.core.RedisHash (preferred), or consider extending one of the following types with your repository: org.springframework.data.keyvalue.repository.KeyValueRepository
2026-09-07T16:43:44.119Z  INFO 20820 --- [orders-api] [           main] .s.d.r.c.RepositoryConfigurationDelegate : Finished Spring Data repository scanning in 4 ms. Found 0 Redis repository interfaces.
2026-09-07T16:43:44.759Z  INFO 20820 --- [orders-api] [           main] o.s.b.w.embedded.tomcat.TomcatWebServer  : Tomcat initialized with port 8080 (http)
2026-09-07T16:43:44.771Z  INFO 20820 --- [orders-api] [           main] o.apache.catalina.core.StandardService   : Starting service [Tomcat]
2026-09-07T16:43:44.772Z  INFO 20820 --- [orders-api] [           main] o.apache.catalina.core.StandardEngine    : Starting Servlet engine: [Apache Tomcat/10.1.31]
2026-09-07T16:43:44.819Z  INFO 20820 --- [orders-api] [           main] o.a.c.c.C.[Tomcat].[localhost].[/]       : Initializing Spring embedded WebApplicationContext
2026-09-07T16:43:44.820Z  INFO 20820 --- [orders-api] [           main] w.s.c.ServletWebServerApplicationContext : Root WebApplicationContext: initialization completed in 1962 ms
2026-09-07T16:43:45.249Z  INFO 20820 --- [orders-api] [           main] com.zaxxer.hikari.HikariDataSource       : HikariPool-1 - Starting...
2026-09-07T16:43:45.685Z  INFO 20820 --- [orders-api] [           main] com.zaxxer.hikari.pool.HikariPool        : HikariPool-1 - Added connection org.postgresql.jdbc.PgConnection@2c0a3826
2026-09-07T16:43:45.687Z  INFO 20820 --- [orders-api] [           main] com.zaxxer.hikari.HikariDataSource       : HikariPool-1 - Start completed.
2026-09-07T16:43:45.749Z  INFO 20820 --- [orders-api] [           main] org.flywaydb.core.FlywayExecutor         : Database: jdbc:postgresql://ep-shiny-queen-ayyey6am-pooler.c-5.us-east-2.aws.neon.tech/neondb (PostgreSQL 18.6)
2026-09-07T16:43:45.889Z  WARN 20820 --- [orders-api] [           main] o.f.c.internal.database.base.Database    : Flyway upgrade recommended: PostgreSQL 18.6 is newer than this version of Flyway and support has not been tested. The latest supported version of PostgreSQL is 16.
2026-09-07T16:43:46.016Z  INFO 20820 --- [orders-api] [           main] o.f.core.internal.command.DbValidate     : Successfully validated 1 migration (execution time 00:00.098s)
2026-09-07T16:43:46.233Z  INFO 20820 --- [orders-api] [           main] o.f.core.internal.command.DbMigrate      : Current version of schema "public": 1
2026-09-07T16:43:46.254Z  INFO 20820 --- [orders-api] [           main] o.f.core.internal.command.DbMigrate      : Schema "public" is up to date. No migration necessary.
2026-09-07T16:43:46.425Z  INFO 20820 --- [orders-api] [           main] o.hibernate.jpa.internal.util.LogHelper  : HHH000204: Processing PersistenceUnitInfo [name: default]
2026-09-07T16:43:46.462Z  INFO 20820 --- [orders-api] [           main] org.hibernate.Version                    : HHH000412: Hibernate ORM core version 6.5.3.Final
2026-09-07T16:43:46.494Z  INFO 20820 --- [orders-api] [           main] o.h.c.internal.RegionFactoryInitiator    : HHH000026: Second-level cache disabled
2026-09-07T16:43:46.695Z  INFO 20820 --- [orders-api] [           main] o.s.o.j.p.SpringPersistenceUnitInfo      : No LoadTimeWeaver setup: ignoring JPA class transformer
2026-09-07T16:43:47.525Z  INFO 20820 --- [orders-api] [           main] o.h.e.t.j.p.i.JtaPlatformInitiator       : HHH000489: No JTA platform available (set 'hibernate.transaction.jta.platform' to enable JTA platform integration)
2026-09-07T16:43:47.626Z  INFO 20820 --- [orders-api] [           main] j.LocalContainerEntityManagerFactoryBean : Initialized JPA EntityManagerFactory for persistence unit 'default'
2026-09-07T16:43:49.365Z  INFO 20820 --- [orders-api] [           main] o.s.b.a.e.web.EndpointLinksResolver      : Exposing 4 endpoints beneath base path '/actuator'
2026-09-07T16:43:49.548Z  INFO 20820 --- [orders-api] [           main] o.s.b.w.embedded.tomcat.TomcatWebServer  : Tomcat started on port 8080 (http) with context path '/'
2026-09-07T16:43:49.569Z  INFO 20820 --- [orders-api] [           main] c.enterprise.orders.OrdersApplication    : Started OrdersApplication in 7.197 seconds (process running for 7.56)
2026-09-07T16:44:19.729Z  INFO 20820 --- [orders-api] [nio-8080-exec-1] o.a.c.c.C.[Tomcat].[localhost].[/]       : Initializing Spring DispatcherServlet 'dispatcherServlet'
2026-09-07T16:44:19.729Z  INFO 20820 --- [orders-api] [nio-8080-exec-1] o.s.web.servlet.DispatcherServlet        : Initializing Servlet 'dispatcherServlet'
2026-09-07T16:44:19.731Z  INFO 20820 --- [orders-api] [nio-8080-exec-1] o.s.web.servlet.DispatcherServlet        : Completed initialization in 2 ms
2026-09-07T16:46:46.003Z  INFO 20820 --- [orders-api] [nio-8080-exec-5] o.s.a.r.c.CachingConnectionFactory       : Attempting to connect to: [shrimp.rmq.cloudamqp.com:5671]
2026-09-07T16:46:46.231Z  INFO 20820 --- [orders-api] [nio-8080-exec-5] o.s.a.r.c.CachingConnectionFactory       : Created new connection: rabbitConnectionFactory#6114ed6f:0/SimpleConnection@6feb0900 [delegate=amqp://ureohvhj@3.132.110.14:5671/ureohvhj, localPort=58456]
[0m[0m2026-09-07T16:49:03.850Z  INFO 20820 --- [orders-api] [ionShutdownHook] j.LocalContainerEntityManagerFactoryBean : Closing JPA EntityManagerFactory for persistence unit 'default'
2026-09-07T16:49:03.852Z  INFO 20820 --- [orders-api] [ionShutdownHook] com.zaxxer.hikari.HikariDataSource       : HikariPool-1 - Shutdown initiated...
2026-09-07T16:49:03.891Z  INFO 20820 --- [orders-api] [ionShutdownHook] com.zaxxer.hikari.HikariDataSource       : HikariPool-1 - Shutdown completed.
